---
source: tests/snapshot_test.rs
assertion_line: 48
expression: error.with_hint()
---
Message too large: size=2000000, max=1000000
  hint: Message size 2000000 exceeds limit of 1000000. Reduce message size or increase `max.message.bytes` in server config: `streamline-cli config set max.message.bytes 2000000`
